******************************************************************************
                  TI ARM Linker PC v20.2.2                     
******************************************************************************
>> Linked Fri Mar 12 23:49:05 2021

OUTPUT FILE NAME:   <0_ESD_FinalLab3_MSP432b.out>
ENTRY POINT SYMBOL: "_c_int00_noargs"  address: 000033bd


MEMORY CONFIGURATION

         name            origin    length      used     unused   attr    fill
----------------------  --------  ---------  --------  --------  ----  --------
  MAIN                  00000000   00040000  0000377e  0003c882  R  X
  INFO                  00200000   00004000  00000000  00004000  R  X
  SRAM_CODE             01000000   00010000  00000270  0000fd90  RW X
  SRAM_DATA             20000000   00010000  00000270  0000fd90  RW  


SEGMENT ALLOCATION MAP

run origin  load origin   length   init length attrs members
----------  ----------- ---------- ----------- ----- -------
00000000    00000000    00003788   00003788    r-x
  00000000    00000000    000000e4   000000e4    r-- .intvecs
  000000e4    000000e4    00003428   00003428    r-x .text
  00003510    00003510    0000022a   0000022a    r-- .const
  00003740    00003740    00000048   00000048    r-- .cinit
20000000    20000000    00000074   00000000    rw-
  20000000    20000000    0000005c   00000000    rw- .data
  20000060    20000060    00000014   00000000    rw- .bss
2000fe00    2000fe00    00000200   00000000    rw-
  2000fe00    2000fe00    00000200   00000000    rw- .stack


SECTION ALLOCATION MAP

 output                                  attributes/
section   page    origin      length       input sections
--------  ----  ----------  ----------   ----------------
.intvecs   0    00000000    000000e4     
                  00000000    000000e4     startup_msp432p401r_ccs.obj (.intvecs:retain)

.text      0    000000e4    00003428     
                  000000e4    00000a4e     rtsv7M4_T_le_v4SPD16_eabi.lib : _printfi.c.obj (.text:__TI_printfi)
                  00000b32    00000002                                   : div0.asm.obj (.text)
                  00000b34    00000778     interrupt_funcs.obj (.text)
                  000012ac    00000460     rtsv7M4_T_le_v4SPD16_eabi.lib : strtod.c.obj (.text:strtod)
                  0000170c    00000334     system_msp432p401r.obj (.text)
                  00001a40    00000280     init_funcs.obj (.text)
                  00001cc0    00000270     rtsv7M4_T_le_v4SPD16_eabi.lib : _printfi.c.obj (.text:_pconv_a)
                  00001f30    000001d0                                   : _printfi.c.obj (.text:_pconv_g)
                  00002100    000001bc     UART0_funcs.obj (.text)
                  000022bc    000001b6     rtsv7M4_T_le_v4SPD16_eabi.lib : fd_add_t2.asm.obj (.text)
                  00002472    00000002     --HOLE-- [fill = 0]
                  00002474    00000198     temperature_ADC.obj (.text)
                  0000260c    0000013c     rtsv7M4_T_le_v4SPD16_eabi.lib : _printfi.c.obj (.text:_pconv_e)
                  00002748    00000136                                   : fd_div_t2.asm.obj (.text)
                  0000287e    00000002     --HOLE-- [fill = 0]
                  00002880    00000124                                   : _printfi.c.obj (.text:fcvt)
                  000029a4    00000110                                   : s_scalbn.c.obj (.text:scalbn)
                  00002ab4    000000fc                                   : fd_mul_t2.asm.obj (.text)
                  00002bb0    000000b1                                   : _printfi.c.obj (.text:_ltostr)
                  00002c61    00000001     --HOLE-- [fill = 0]
                  00002c62    0000009c                                   : memcpy_t2.asm.obj (.text)
                  00002cfe    00000096                                   : ull_div_t2.asm.obj (.text)
                  00002d94    00000086                                   : fd_cmp_t2.asm.obj (.text:__aeabi_cdcmple)
                  00002e1a    00000086                                   : fd_cmp_t2.asm.obj (.text:__aeabi_cdrcmple)
                  00002ea0    0000007a                                   : memset_t2.asm.obj (.text)
                  00002f1a    0000006e                                   : _printfi.c.obj (.text:_mcpy)
                  00002f88    0000006e                                   : fd_tos_t2.asm.obj (.text)
                  00002ff6    00000002     --HOLE-- [fill = 0]
                  00002ff8    0000006c     main.obj (.text)
                  00003064    00000068     rtsv7M4_T_le_v4SPD16_eabi.lib : copy_decompress_lzss.c.obj (.text:decompress:lzss:__TI_decompress_lzss)
                  000030cc    00000064                                   : s_frexp.c.obj (.text:frexp)
                  00003130    00000056                                   : _printfi.c.obj (.text:_pconv_f)
                  00003186    00000054                                   : _ltoa.c.obj (.text:__TI_ltoa)
                  000031da    00000052                                   : _printfi.c.obj (.text:_ecpy)
                  0000322c    0000004c                                   : atoi.c.obj (.text:atoi)
                  00003278    00000048                                   : fd_toi_t2.asm.obj (.text)
                  000032c0    00000044                                   : autoinit.c.obj (.text:__TI_auto_init_nobinit_nopinit:__TI_auto_init_nobinit_nopinit)
                  00003304    00000040                                   : sprintf.c.obj (.text:sprintf)
                  00003344    0000003e                                   : _printfi.c.obj (.text:_fcpy)
                  00003382    00000038                                   : fs_tod_t2.asm.obj (.text)
                  000033ba    00000002     --HOLE-- [fill = 0]
                  000033bc    00000034                                   : boot_cortex_m.c.obj (.text:_c_int00_noargs:_c_int00_noargs)
                  000033f0    0000002e                                   : i_tofd_t2.asm.obj (.text)
                  0000341e    0000001c                                   : copy_zero_init.c.obj (.text:decompress:ZI:__TI_zero_init_nomemset:__TI_zero_init_nomemset)
                  0000343a    0000001c                                   : memccpy.c.obj (.text:memccpy)
                  00003456    0000001a                                   : s_copysign.c.obj (.text:copysign)
                  00003470    00000018                                   : sprintf.c.obj (.text:_outs)
                  00003488    00000016                                   : strchr.c.obj (.text:strchr)
                  0000349e    00000014                                   : strlen.c.obj (.text:strlen)
                  000034b2    00000012                                   : atof.c.obj (.text:atof)
                  000034c4    00000012                                   : wcslen.c.obj (.text:wcslen)
                  000034d6    0000000e                                   : copy_decompress_none.c.obj (.text:decompress:none:__TI_decompress_none)
                  000034e4    0000000e     startup_msp432p401r_ccs.obj (.text)
                  000034f2    0000000a     rtsv7M4_T_le_v4SPD16_eabi.lib : sprintf.c.obj (.text:_outc)
                  000034fc    00000008                                   : errno.c.obj (.text:__aeabi_errno_addr)
                  00003504    00000004                                   : pre_init.c.obj (.text:_system_pre_init)
                  00003508    00000004                                   : exit.c.obj (.text:abort:abort)

.const     0    00003510    0000022a     
                  00003510    00000101     rtsv7M4_T_le_v4SPD16_eabi.lib : ctype.c.obj (.const:.string:_ctypes_)
                  00003611    00000007     --HOLE-- [fill = 0]
                  00003618    000000c8                                   : strtod.c.obj (.const:$O1$$)
                  000036e0    0000001e     UART0_funcs.obj (.const:.string:$P$T0$1)
                  000036fe    0000001e     UART0_funcs.obj (.const:.string:$P$T1$2)
                  0000371c    0000001e     UART0_funcs.obj (.const:.string:$P$T2$3)

.cinit     0    00003740    00000048     
                  00003740    00000023     (.cinit..data.load) [load image, compression = lzss]
                  00003763    00000001     --HOLE-- [fill = 0]
                  00003764    0000000c     (__TI_handler_table)
                  00003770    00000008     (.cinit..bss.load) [load image, compression = zero_init]
                  00003778    00000010     (__TI_cinit_table)

.init_array 
*          0    00000000    00000000     UNINITIALIZED

.binit     0    00000000    00000000     

.data      0    20000000    0000005c     UNINITIALIZED
                  20000000    0000001c     interrupt_funcs.obj (.data)
                  2000001c    00000004     rtsv7M4_T_le_v4SPD16_eabi.lib : errno.c.obj (.data)
                  20000020    00000018     main.obj (.data)
                  20000038    0000000f     interrupt_funcs.obj (.data:s_pwm_duty)
                  20000047    0000000f     interrupt_funcs.obj (.data:s_pwm_period)
                  20000056    00000002     --HOLE--
                  20000058    00000004     system_msp432p401r.obj (.data)

.bss       0    20000060    00000014     UNINITIALIZED
                  20000060    00000008     (.common:old_Temp)
                  20000068    00000004     (.common:IntDegC)
                  2000006c    00000004     (.common:IntDegF)
                  20000070    00000004     (.common:temp)

.stack     0    2000fe00    00000200     UNINITIALIZED
                  2000fe00    00000004     rtsv7M4_T_le_v4SPD16_eabi.lib : boot_cortex_m.c.obj (.stack)
                  2000fe04    000001fc     --HOLE--

__llvm_prf_cnts 
*          0    20000000    00000000     UNINITIALIZED

MODULE SUMMARY

       Module                        code    ro data   rw data
       ------                        ----    -------   -------
    .\
       system_msp432p401r.obj        820     0         8      
       startup_msp432p401r_ccs.obj   14      228       0      
    +--+-----------------------------+-------+---------+---------+
       Total:                        834     228       8      
                                                              
    .\source\
       interrupt_funcs.obj           1912    0         116    
       init_funcs.obj                640     0         0      
       UART0_funcs.obj               444     90        0      
       temperature_ADC.obj           408     0         16     
       main.obj                      108     0         72     
    +--+-----------------------------+-------+---------+---------+
       Total:                        3512    90        204    
                                                              
    C:\ti\ccs1020\ccs\tools\compiler\ti-cgt-arm_20.2.2.LTS\lib\rtsv7M4_T_le_v4SPD16_eabi.lib
       _printfi.c.obj                4851    0         0      
       strtod.c.obj                  1120    200       0      
       fd_add_t2.asm.obj             438     0         0      
       fd_div_t2.asm.obj             310     0         0      
       s_scalbn.c.obj                272     0         0      
       fd_cmp_t2.asm.obj             268     0         0      
       ctype.c.obj                   0       257       0      
       fd_mul_t2.asm.obj             252     0         0      
       memcpy_t2.asm.obj             156     0         0      
       ull_div_t2.asm.obj            150     0         0      
       memset_t2.asm.obj             122     0         0      
       fd_tos_t2.asm.obj             110     0         0      
       copy_decompress_lzss.c.obj    104     0         0      
       s_frexp.c.obj                 100     0         0      
       sprintf.c.obj                 98      0         0      
       _ltoa.c.obj                   84      0         0      
       atoi.c.obj                    76      0         0      
       fd_toi_t2.asm.obj             72      0         0      
       autoinit.c.obj                68      0         0      
       fs_tod_t2.asm.obj             56      0         0      
       boot_cortex_m.c.obj           52      0         0      
       i_tofd_t2.asm.obj             46      0         0      
       copy_zero_init.c.obj          28      0         0      
       memccpy.c.obj                 28      0         0      
       s_copysign.c.obj              26      0         0      
       strchr.c.obj                  22      0         0      
       strlen.c.obj                  20      0         0      
       atof.c.obj                    18      0         0      
       wcslen.c.obj                  18      0         0      
       errno.c.obj                   8       0         8      
       copy_decompress_none.c.obj    14      0         0      
       exit.c.obj                    4       0         0      
       pre_init.c.obj                4       0         0      
       div0.asm.obj                  2       0         0      
    +--+-----------------------------+-------+---------+---------+
       Total:                        8997    457       8      
                                                              
       Stack:                        0       0         1024   
       Linker Generated:             0       71        0      
    +--+-----------------------------+-------+---------+---------+
       Grand Total:                  13343   846       1244   


LINKER GENERATED COPY TABLES

__TI_cinit_table @ 00003778 records: 2, size/record: 8, table size: 16
	.data: load addr=00003740, load size=00000023 bytes, run addr=20000000, run size=0000005c bytes, compression=lzss
	.bss: load addr=00003770, load size=00000008 bytes, run addr=20000060, run size=00000014 bytes, compression=zero_init


LINKER GENERATED HANDLER TABLE

__TI_handler_table @ 00003764 records: 3, size/record: 4, table size: 12
	index: 0, handler: __TI_decompress_lzss
	index: 1, handler: __TI_decompress_none
	index: 2, handler: __TI_zero_init


GLOBAL SYMBOLS: SORTED ALPHABETICALLY BY Name 

address   name                          
-------   ----                          
00001137  ADC14_IRQHandler              
00001137  ADC14_IRQHandler              
000034f1  AES256_IRQHandler             
000034f1  BusFault_Handler              
00003509  C$$EXIT                       
000034f1  COMP_E0_IRQHandler            
000034f1  COMP_E1_IRQHandler            
000034f1  CS_IRQHandler                 
000034f1  DMA_ERR_IRQHandler            
000034f1  DMA_INT0_IRQHandler           
000034f1  DMA_INT1_IRQHandler           
000034f1  DMA_INT2_IRQHandler           
000034f1  DMA_INT3_IRQHandler           
000034f1  DebugMon_Handler              
000034f1  Default_Handler               
00000b35  EUSCIA0_IRQHandler            
00000b35  EUSCIA0_IRQHandler            
000034f1  EUSCIA1_IRQHandler            
000034f1  EUSCIA2_IRQHandler            
000034f1  EUSCIA3_IRQHandler            
000034f1  EUSCIB0_IRQHandler            
000034f1  EUSCIB1_IRQHandler            
000034f1  EUSCIB2_IRQHandler            
000034f1  EUSCIB3_IRQHandler            
000034f1  FLCTL_IRQHandler              
000034f1  FPU_IRQHandler                
000034f1  HardFault_Handler             
00001b29  Init_ADC                      
00001b7b  Init_Clock                    
00001a41  Init_Port                     
00001ba1  Init_TimerA0                  
00001bc9  Init_UART0                    
20000068  IntDegC                       
2000006c  IntDegF                       
000034f1  MemManage_Handler             
000034f1  NMI_Handler                   
000034f1  PCM_IRQHandler                
0000104b  PORT1_IRQHandler              
0000104b  PORT1_IRQHandler              
000034f1  PORT2_IRQHandler              
000034f1  PORT3_IRQHandler              
000034f1  PORT4_IRQHandler              
000034f1  PORT5_IRQHandler              
000034f1  PORT6_IRQHandler              
000034f1  PSS_IRQHandler                
000034f1  PendSV_Handler                
000034f1  RTC_C_IRQHandler              
000034e5  Reset_Handler                 
000034f1  SVC_Handler                   
000034f1  SysTick_Handler               
20000058  SystemCoreClock               
0000170d  SystemCoreClockUpdate         
00001985  SystemInit                    
000034f1  T32_INT1_IRQHandler           
000034f1  T32_INT2_IRQHandler           
000034f1  T32_INTC_IRQHandler           
000034f1  TA0_0_IRQHandler              
000034f1  TA0_N_IRQHandler              
000034f1  TA1_0_IRQHandler              
000034f1  TA1_N_IRQHandler              
000034f1  TA2_0_IRQHandler              
000034f1  TA2_N_IRQHandler              
000034f1  TA3_0_IRQHandler              
000034f1  TA3_N_IRQHandler              
000034f1  UsageFault_Handler            
4000480c  WDTCTL_SYM                    
000034f1  WDT_A_IRQHandler              
20010000  __STACK_END                   
00000200  __STACK_SIZE                  
00003778  __TI_CINIT_Base               
00003788  __TI_CINIT_Limit              
00003764  __TI_Handler_Table_Base       
00003770  __TI_Handler_Table_Limit      
000032c1  __TI_auto_init_nobinit_nopinit
00003065  __TI_decompress_lzss          
000034d7  __TI_decompress_none          
00003187  __TI_ltoa                     
ffffffff  __TI_pprof_out_hndl           
000000e5  __TI_printfi                  
ffffffff  __TI_prof_data_size           
ffffffff  __TI_prof_data_start          
00000000  __TI_static_base__            
0000341f  __TI_zero_init_nomemset       
00002d95  __aeabi_cdcmpeq               
00002d95  __aeabi_cdcmple               
00002e1b  __aeabi_cdrcmple              
00002f89  __aeabi_d2f                   
00003279  __aeabi_d2iz                  
000022c7  __aeabi_dadd                  
00002749  __aeabi_ddiv                  
00002ab5  __aeabi_dmul                  
000022bd  __aeabi_dsub                  
000034fd  __aeabi_errno_addr            
00003383  __aeabi_f2d                   
000033f1  __aeabi_i2d                   
00000b33  __aeabi_idiv0                 
00000b33  __aeabi_ldiv0                 
00002ea1  __aeabi_memclr                
00002ea1  __aeabi_memclr4               
00002ea1  __aeabi_memclr8               
00002c63  __aeabi_memcpy                
00002c63  __aeabi_memcpy4               
00002c63  __aeabi_memcpy8               
00002ea3  __aeabi_memset                
00002ea3  __aeabi_memset4               
00002ea3  __aeabi_memset8               
00002cff  __aeabi_uldivmod              
ffffffff  __binit__                     
ffffffff  __c_args__                    
UNDEFED   __mpu_init                    
2000fe00  __stack                       
20000000  __start___llvm_prf_cnts       
20000000  __stop___llvm_prf_cnts        
000033bd  _c_int00_noargs               
00003510  _ctypes_                      
UNDEFED   _system_post_cinit            
00003505  _system_pre_init              
00003509  abort                         
000034b3  atof                          
0000322d  atoi                          
ffffffff  binit                         
20000000  change_duty_cycle             
20000004  change_pwm_period             
00003457  copysign                      
00003457  copysignl                     
20000028  duty_cycle                    
20000030  duty_percentage               
00002101  echo_char                     
2000001c  errno                         
000030cd  frexp                         
000030cd  frexpl                        
20000014  i                             
00000000  interruptVectors              
20000018  j                             
000029a5  ldexp                         
000029a5  ldexpl                        
00002ff9  main                          
0000343b  memccpy                       
00002c63  memcpy                        
00002ea9  memset                        
00002149  nprint_string_UART            
20000060  old_Temp                      
000021b1  print_Celsius                 
000021f3  print_Fahrenheit              
00002171  print_PWM_dutycycle           
00002123  print_string_UART             
00002235  print_temp                    
0000210b  put_char                      
00002475  read_temperature              
2000000c  recive_string_input_flag      
20000038  s_pwm_duty                    
20000047  s_pwm_period                  
000029a5  scalbn                        
000029a5  scalbnl                       
00002253  sdelay                        
00003305  sprintf                       
00003489  strchr                        
0000349f  strlen                        
000012ad  strtod                        
000012ad  strtold                       
20000010  take_PWM_action_flag          
20000070  temp                          
20000008  temp_based_PWM_change_flag    
20000020  temp_unit_flag                
000034c5  wcslen                        


GLOBAL SYMBOLS: SORTED BY Symbol Address 

address   name                          
-------   ----                          
00000000  __TI_static_base__            
00000000  interruptVectors              
000000e5  __TI_printfi                  
00000200  __STACK_SIZE                  
00000b33  __aeabi_idiv0                 
00000b33  __aeabi_ldiv0                 
00000b35  EUSCIA0_IRQHandler            
00000b35  EUSCIA0_IRQHandler            
0000104b  PORT1_IRQHandler              
0000104b  PORT1_IRQHandler              
00001137  ADC14_IRQHandler              
00001137  ADC14_IRQHandler              
000012ad  strtod                        
000012ad  strtold                       
0000170d  SystemCoreClockUpdate         
00001985  SystemInit                    
00001a41  Init_Port                     
00001b29  Init_ADC                      
00001b7b  Init_Clock                    
00001ba1  Init_TimerA0                  
00001bc9  Init_UART0                    
00002101  echo_char                     
0000210b  put_char                      
00002123  print_string_UART             
00002149  nprint_string_UART            
00002171  print_PWM_dutycycle           
000021b1  print_Celsius                 
000021f3  print_Fahrenheit              
00002235  print_temp                    
00002253  sdelay                        
000022bd  __aeabi_dsub                  
000022c7  __aeabi_dadd                  
00002475  read_temperature              
00002749  __aeabi_ddiv                  
000029a5  ldexp                         
000029a5  ldexpl                        
000029a5  scalbn                        
000029a5  scalbnl                       
00002ab5  __aeabi_dmul                  
00002c63  __aeabi_memcpy                
00002c63  __aeabi_memcpy4               
00002c63  __aeabi_memcpy8               
00002c63  memcpy                        
00002cff  __aeabi_uldivmod              
00002d95  __aeabi_cdcmpeq               
00002d95  __aeabi_cdcmple               
00002e1b  __aeabi_cdrcmple              
00002ea1  __aeabi_memclr                
00002ea1  __aeabi_memclr4               
00002ea1  __aeabi_memclr8               
00002ea3  __aeabi_memset                
00002ea3  __aeabi_memset4               
00002ea3  __aeabi_memset8               
00002ea9  memset                        
00002f89  __aeabi_d2f                   
00002ff9  main                          
00003065  __TI_decompress_lzss          
000030cd  frexp                         
000030cd  frexpl                        
00003187  __TI_ltoa                     
0000322d  atoi                          
00003279  __aeabi_d2iz                  
000032c1  __TI_auto_init_nobinit_nopinit
00003305  sprintf                       
00003383  __aeabi_f2d                   
000033bd  _c_int00_noargs               
000033f1  __aeabi_i2d                   
0000341f  __TI_zero_init_nomemset       
0000343b  memccpy                       
00003457  copysign                      
00003457  copysignl                     
00003489  strchr                        
0000349f  strlen                        
000034b3  atof                          
000034c5  wcslen                        
000034d7  __TI_decompress_none          
000034e5  Reset_Handler                 
000034f1  AES256_IRQHandler             
000034f1  BusFault_Handler              
000034f1  COMP_E0_IRQHandler            
000034f1  COMP_E1_IRQHandler            
000034f1  CS_IRQHandler                 
000034f1  DMA_ERR_IRQHandler            
000034f1  DMA_INT0_IRQHandler           
000034f1  DMA_INT1_IRQHandler           
000034f1  DMA_INT2_IRQHandler           
000034f1  DMA_INT3_IRQHandler           
000034f1  DebugMon_Handler              
000034f1  Default_Handler               
000034f1  EUSCIA1_IRQHandler            
000034f1  EUSCIA2_IRQHandler            
000034f1  EUSCIA3_IRQHandler            
000034f1  EUSCIB0_IRQHandler            
000034f1  EUSCIB1_IRQHandler            
000034f1  EUSCIB2_IRQHandler            
000034f1  EUSCIB3_IRQHandler            
000034f1  FLCTL_IRQHandler              
000034f1  FPU_IRQHandler                
000034f1  HardFault_Handler             
000034f1  MemManage_Handler             
000034f1  NMI_Handler                   
000034f1  PCM_IRQHandler                
000034f1  PORT2_IRQHandler              
000034f1  PORT3_IRQHandler              
000034f1  PORT4_IRQHandler              
000034f1  PORT5_IRQHandler              
000034f1  PORT6_IRQHandler              
000034f1  PSS_IRQHandler                
000034f1  PendSV_Handler                
000034f1  RTC_C_IRQHandler              
000034f1  SVC_Handler                   
000034f1  SysTick_Handler               
000034f1  T32_INT1_IRQHandler           
000034f1  T32_INT2_IRQHandler           
000034f1  T32_INTC_IRQHandler           
000034f1  TA0_0_IRQHandler              
000034f1  TA0_N_IRQHandler              
000034f1  TA1_0_IRQHandler              
000034f1  TA1_N_IRQHandler              
000034f1  TA2_0_IRQHandler              
000034f1  TA2_N_IRQHandler              
000034f1  TA3_0_IRQHandler              
000034f1  TA3_N_IRQHandler              
000034f1  UsageFault_Handler            
000034f1  WDT_A_IRQHandler              
000034fd  __aeabi_errno_addr            
00003505  _system_pre_init              
00003509  C$$EXIT                       
00003509  abort                         
00003510  _ctypes_                      
00003764  __TI_Handler_Table_Base       
00003770  __TI_Handler_Table_Limit      
00003778  __TI_CINIT_Base               
00003788  __TI_CINIT_Limit              
20000000  __start___llvm_prf_cnts       
20000000  __stop___llvm_prf_cnts        
20000000  change_duty_cycle             
20000004  change_pwm_period             
20000008  temp_based_PWM_change_flag    
2000000c  recive_string_input_flag      
20000010  take_PWM_action_flag          
20000014  i                             
20000018  j                             
2000001c  errno                         
20000020  temp_unit_flag                
20000028  duty_cycle                    
20000030  duty_percentage               
20000038  s_pwm_duty                    
20000047  s_pwm_period                  
20000058  SystemCoreClock               
20000060  old_Temp                      
20000068  IntDegC                       
2000006c  IntDegF                       
20000070  temp                          
2000fe00  __stack                       
20010000  __STACK_END                   
4000480c  WDTCTL_SYM                    
ffffffff  __TI_pprof_out_hndl           
ffffffff  __TI_prof_data_size           
ffffffff  __TI_prof_data_start          
ffffffff  __binit__                     
ffffffff  __c_args__                    
ffffffff  binit                         
UNDEFED   __mpu_init                    
UNDEFED   _system_post_cinit            

[165 symbols]
