******************************************************************************
                  TI ARM Linker PC v20.2.2                     
******************************************************************************
>> Linked Fri Mar 12 21:16:07 2021

OUTPUT FILE NAME:   <0_ESD_FinalLab3_MSP432.out>
ENTRY POINT SYMBOL: "_c_int00_noargs"  address: 00003091


MEMORY CONFIGURATION

         name            origin    length      used     unused   attr    fill
----------------------  --------  ---------  --------  --------  ----  --------
  MAIN                  00000000   00040000  00003452  0003cbae  R  X
  INFO                  00200000   00004000  00000000  00004000  R  X
  SRAM_CODE             01000000   00010000  00000264  0000fd9c  RW X
  SRAM_DATA             20000000   00010000  00000264  0000fd9c  RW  


SEGMENT ALLOCATION MAP

run origin  load origin   length   init length attrs members
----------  ----------- ---------- ----------- ----- -------
00000000    00000000    00003458   00003458    r-x
  00000000    00000000    000000e4   000000e4    r-- .intvecs
  000000e4    000000e4    000030fc   000030fc    r-x .text
  000031e0    000031e0    0000022a   0000022a    r-- .const
  00003410    00003410    00000048   00000048    r-- .cinit
20000000    20000000    00000064   00000000    rw-
  20000000    20000000    00000058   00000000    rw- .data
  20000058    20000058    0000000c   00000000    rw- .bss
2000fe00    2000fe00    00000200   00000000    rw-
  2000fe00    2000fe00    00000200   00000000    rw- .stack


SECTION ALLOCATION MAP

 output                                  attributes/
section   page    origin      length       input sections
--------  ----  ----------  ----------   ----------------
.intvecs   0    00000000    000000e4     
                  00000000    000000e4     startup_msp432p401r_ccs.obj (.intvecs:retain)

.text      0    000000e4    000030fc     
                  000000e4    00000a4e     rtsv7M4_T_le_v4SPD16_eabi.lib : _printfi.c.obj (.text:__TI_printfi)
                  00000b32    00000002                                   : div0.asm.obj (.text)
                  00000b34    00000544     interrupt_funcs.obj (.text)
                  00001078    00000460     rtsv7M4_T_le_v4SPD16_eabi.lib : strtod.c.obj (.text:strtod)
                  000014d8    00000334     system_msp432p401r.obj (.text)
                  0000180c    00000280     init_funcs.obj (.text)
                  00001a8c    00000270     rtsv7M4_T_le_v4SPD16_eabi.lib : _printfi.c.obj (.text:_pconv_a)
                  00001cfc    000001d0                                   : _printfi.c.obj (.text:_pconv_g)
                  00001ecc    000001bc     UART0_funcs.obj (.text)
                  00002088    000001b6     rtsv7M4_T_le_v4SPD16_eabi.lib : fd_add_t2.asm.obj (.text)
                  0000223e    00000002     --HOLE-- [fill = 0]
                  00002240    0000013c                                   : _printfi.c.obj (.text:_pconv_e)
                  0000237c    00000136                                   : fd_div_t2.asm.obj (.text)
                  000024b2    00000002     --HOLE-- [fill = 0]
                  000024b4    00000124                                   : _printfi.c.obj (.text:fcvt)
                  000025d8    00000110                                   : s_scalbn.c.obj (.text:scalbn)
                  000026e8    000000fc                                   : fd_mul_t2.asm.obj (.text)
                  000027e4    000000b1                                   : _printfi.c.obj (.text:_ltostr)
                  00002895    00000003     --HOLE-- [fill = 0]
                  00002898    000000a0     temperature_ADC.obj (.text)
                  00002938    0000009c     rtsv7M4_T_le_v4SPD16_eabi.lib : memcpy_t2.asm.obj (.text)
                  000029d4    00000096                                   : ull_div_t2.asm.obj (.text)
                  00002a6a    00000086                                   : fd_cmp_t2.asm.obj (.text:__aeabi_cdcmple)
                  00002af0    00000086                                   : fd_cmp_t2.asm.obj (.text:__aeabi_cdrcmple)
                  00002b76    0000007a                                   : memset_t2.asm.obj (.text)
                  00002bf0    0000006e                                   : _printfi.c.obj (.text:_mcpy)
                  00002c5e    0000006e                                   : fd_tos_t2.asm.obj (.text)
                  00002ccc    0000006c     main.obj (.text)
                  00002d38    00000068     rtsv7M4_T_le_v4SPD16_eabi.lib : copy_decompress_lzss.c.obj (.text:decompress:lzss:__TI_decompress_lzss)
                  00002da0    00000064                                   : s_frexp.c.obj (.text:frexp)
                  00002e04    00000056                                   : _printfi.c.obj (.text:_pconv_f)
                  00002e5a    00000054                                   : _ltoa.c.obj (.text:__TI_ltoa)
                  00002eae    00000052                                   : _printfi.c.obj (.text:_ecpy)
                  00002f00    0000004c                                   : atoi.c.obj (.text:atoi)
                  00002f4c    00000048                                   : fd_toi_t2.asm.obj (.text)
                  00002f94    00000044                                   : autoinit.c.obj (.text:__TI_auto_init_nobinit_nopinit:__TI_auto_init_nobinit_nopinit)
                  00002fd8    00000040                                   : sprintf.c.obj (.text:sprintf)
                  00003018    0000003e                                   : _printfi.c.obj (.text:_fcpy)
                  00003056    00000038                                   : fs_tod_t2.asm.obj (.text)
                  0000308e    00000002     --HOLE-- [fill = 0]
                  00003090    00000034                                   : boot_cortex_m.c.obj (.text:_c_int00_noargs:_c_int00_noargs)
                  000030c4    0000002e                                   : i_tofd_t2.asm.obj (.text)
                  000030f2    0000001c                                   : copy_zero_init.c.obj (.text:decompress:ZI:__TI_zero_init_nomemset:__TI_zero_init_nomemset)
                  0000310e    0000001c                                   : memccpy.c.obj (.text:memccpy)
                  0000312a    0000001a                                   : s_copysign.c.obj (.text:copysign)
                  00003144    00000018                                   : sprintf.c.obj (.text:_outs)
                  0000315c    00000016                                   : strchr.c.obj (.text:strchr)
                  00003172    00000014                                   : strlen.c.obj (.text:strlen)
                  00003186    00000012                                   : atof.c.obj (.text:atof)
                  00003198    00000012                                   : wcslen.c.obj (.text:wcslen)
                  000031aa    0000000e                                   : copy_decompress_none.c.obj (.text:decompress:none:__TI_decompress_none)
                  000031b8    0000000e     startup_msp432p401r_ccs.obj (.text)
                  000031c6    0000000a     rtsv7M4_T_le_v4SPD16_eabi.lib : sprintf.c.obj (.text:_outc)
                  000031d0    00000008                                   : errno.c.obj (.text:__aeabi_errno_addr)
                  000031d8    00000004                                   : pre_init.c.obj (.text:_system_pre_init)
                  000031dc    00000004                                   : exit.c.obj (.text:abort:abort)

.const     0    000031e0    0000022a     
                  000031e0    00000101     rtsv7M4_T_le_v4SPD16_eabi.lib : ctype.c.obj (.const:.string:_ctypes_)
                  000032e1    00000007     --HOLE-- [fill = 0]
                  000032e8    000000c8                                   : strtod.c.obj (.const:$O1$$)
                  000033b0    0000001e     UART0_funcs.obj (.const:.string:$P$T0$1)
                  000033ce    0000001e     UART0_funcs.obj (.const:.string:$P$T1$2)
                  000033ec    0000001e     UART0_funcs.obj (.const:.string:$P$T2$3)

.cinit     0    00003410    00000048     
                  00003410    00000023     (.cinit..data.load) [load image, compression = lzss]
                  00003433    00000001     --HOLE-- [fill = 0]
                  00003434    0000000c     (__TI_handler_table)
                  00003440    00000008     (.cinit..bss.load) [load image, compression = zero_init]
                  00003448    00000010     (__TI_cinit_table)

.init_array 
*          0    00000000    00000000     UNINITIALIZED

.binit     0    00000000    00000000     

.data      0    20000000    00000058     UNINITIALIZED
                  20000000    00000018     interrupt_funcs.obj (.data)
                  20000018    00000018     main.obj (.data)
                  20000030    0000000f     interrupt_funcs.obj (.data:s_pwm_duty)
                  2000003f    0000000f     interrupt_funcs.obj (.data:s_pwm_period)
                  2000004e    00000002     --HOLE--
                  20000050    00000004     rtsv7M4_T_le_v4SPD16_eabi.lib : errno.c.obj (.data)
                  20000054    00000004     system_msp432p401r.obj (.data)

.bss       0    20000058    0000000c     UNINITIALIZED
                  20000058    00000004     (.common:IntDegC)
                  2000005c    00000004     (.common:IntDegF)
                  20000060    00000004     (.common:temp)

.stack     0    2000fe00    00000200     UNINITIALIZED
                  2000fe00    00000004     rtsv7M4_T_le_v4SPD16_eabi.lib : boot_cortex_m.c.obj (.stack)
                  2000fe04    000001fc     --HOLE--

__llvm_prf_cnts 
*          0    20000000    00000000     UNINITIALIZED

MODULE SUMMARY

       Module                        code    ro data   rw data
       ------                        ----    -------   -------
    .\
       system_msp432p401r.obj        820     0         8      
       startup_msp432p401r_ccs.obj   14      228       0      
    +--+-----------------------------+-------+---------+---------+
       Total:                        834     228       8      
                                                              
    .\source\
       interrupt_funcs.obj           1348    0         108    
       init_funcs.obj                640     0         0      
       UART0_funcs.obj               444     90        0      
       main.obj                      108     0         72     
       temperature_ADC.obj           160     0         0      
    +--+-----------------------------+-------+---------+---------+
       Total:                        2700    90        180    
                                                              
    C:\ti\ccs1020\ccs\tools\compiler\ti-cgt-arm_20.2.2.LTS\lib\rtsv7M4_T_le_v4SPD16_eabi.lib
       _printfi.c.obj                4851    0         0      
       strtod.c.obj                  1120    200       0      
       fd_add_t2.asm.obj             438     0         0      
       fd_div_t2.asm.obj             310     0         0      
       s_scalbn.c.obj                272     0         0      
       fd_cmp_t2.asm.obj             268     0         0      
       ctype.c.obj                   0       257       0      
       fd_mul_t2.asm.obj             252     0         0      
       memcpy_t2.asm.obj             156     0         0      
       ull_div_t2.asm.obj            150     0         0      
       memset_t2.asm.obj             122     0         0      
       fd_tos_t2.asm.obj             110     0         0      
       copy_decompress_lzss.c.obj    104     0         0      
       s_frexp.c.obj                 100     0         0      
       sprintf.c.obj                 98      0         0      
       _ltoa.c.obj                   84      0         0      
       atoi.c.obj                    76      0         0      
       fd_toi_t2.asm.obj             72      0         0      
       autoinit.c.obj                68      0         0      
       fs_tod_t2.asm.obj             56      0         0      
       boot_cortex_m.c.obj           52      0         0      
       i_tofd_t2.asm.obj             46      0         0      
       copy_zero_init.c.obj          28      0         0      
       memccpy.c.obj                 28      0         0      
       s_copysign.c.obj              26      0         0      
       strchr.c.obj                  22      0         0      
       strlen.c.obj                  20      0         0      
       atof.c.obj                    18      0         0      
       wcslen.c.obj                  18      0         0      
       errno.c.obj                   8       0         8      
       copy_decompress_none.c.obj    14      0         0      
       exit.c.obj                    4       0         0      
       pre_init.c.obj                4       0         0      
       div0.asm.obj                  2       0         0      
    +--+-----------------------------+-------+---------+---------+
       Total:                        8997    457       8      
                                                              
       Stack:                        0       0         1024   
       Linker Generated:             0       71        0      
    +--+-----------------------------+-------+---------+---------+
       Grand Total:                  12531   846       1220   


LINKER GENERATED COPY TABLES

__TI_cinit_table @ 00003448 records: 2, size/record: 8, table size: 16
	.data: load addr=00003410, load size=00000023 bytes, run addr=20000000, run size=00000058 bytes, compression=lzss
	.bss: load addr=00003440, load size=00000008 bytes, run addr=20000058, run size=0000000c bytes, compression=zero_init


LINKER GENERATED HANDLER TABLE

__TI_handler_table @ 00003434 records: 3, size/record: 4, table size: 12
	index: 0, handler: __TI_decompress_lzss
	index: 1, handler: __TI_decompress_none
	index: 2, handler: __TI_zero_init


GLOBAL SYMBOLS: SORTED ALPHABETICALLY BY Name 

address   name                          
-------   ----                          
00000f61  ADC14_IRQHandler              
00000f61  ADC14_IRQHandler              
000031c5  AES256_IRQHandler             
000031c5  BusFault_Handler              
000031dd  C$$EXIT                       
000031c5  COMP_E0_IRQHandler            
000031c5  COMP_E1_IRQHandler            
000031c5  CS_IRQHandler                 
000031c5  DMA_ERR_IRQHandler            
000031c5  DMA_INT0_IRQHandler           
000031c5  DMA_INT1_IRQHandler           
000031c5  DMA_INT2_IRQHandler           
000031c5  DMA_INT3_IRQHandler           
000031c5  DebugMon_Handler              
000031c5  Default_Handler               
00000b35  EUSCIA0_IRQHandler            
00000b35  EUSCIA0_IRQHandler            
000031c5  EUSCIA1_IRQHandler            
000031c5  EUSCIA2_IRQHandler            
000031c5  EUSCIA3_IRQHandler            
000031c5  EUSCIB0_IRQHandler            
000031c5  EUSCIB1_IRQHandler            
000031c5  EUSCIB2_IRQHandler            
000031c5  EUSCIB3_IRQHandler            
000031c5  FLCTL_IRQHandler              
000031c5  FPU_IRQHandler                
000031c5  HardFault_Handler             
000018f5  Init_ADC                      
00001947  Init_PWM                      
0000180d  Init_Port                     
0000196d  Init_TimerA0                  
00001995  Init_UART0                    
20000058  IntDegC                       
2000005c  IntDegF                       
000031c5  MemManage_Handler             
000031c5  NMI_Handler                   
000031c5  PCM_IRQHandler                
00000e75  PORT1_IRQHandler              
00000e75  PORT1_IRQHandler              
000031c5  PORT2_IRQHandler              
000031c5  PORT3_IRQHandler              
000031c5  PORT4_IRQHandler              
000031c5  PORT5_IRQHandler              
000031c5  PORT6_IRQHandler              
000031c5  PSS_IRQHandler                
000031c5  PendSV_Handler                
000031c5  RTC_C_IRQHandler              
000031b9  Reset_Handler                 
000031c5  SVC_Handler                   
000031c5  SysTick_Handler               
20000054  SystemCoreClock               
000014d9  SystemCoreClockUpdate         
00001751  SystemInit                    
000031c5  T32_INT1_IRQHandler           
000031c5  T32_INT2_IRQHandler           
000031c5  T32_INTC_IRQHandler           
000031c5  TA0_0_IRQHandler              
000031c5  TA0_N_IRQHandler              
000031c5  TA1_0_IRQHandler              
000031c5  TA1_N_IRQHandler              
000031c5  TA2_0_IRQHandler              
000031c5  TA2_N_IRQHandler              
000031c5  TA3_0_IRQHandler              
000031c5  TA3_N_IRQHandler              
000031c5  UsageFault_Handler            
4000480c  WDTCTL_SYM                    
000031c5  WDT_A_IRQHandler              
20010000  __STACK_END                   
00000200  __STACK_SIZE                  
00003448  __TI_CINIT_Base               
00003458  __TI_CINIT_Limit              
00003434  __TI_Handler_Table_Base       
00003440  __TI_Handler_Table_Limit      
00002f95  __TI_auto_init_nobinit_nopinit
00002d39  __TI_decompress_lzss          
000031ab  __TI_decompress_none          
00002e5b  __TI_ltoa                     
ffffffff  __TI_pprof_out_hndl           
000000e5  __TI_printfi                  
ffffffff  __TI_prof_data_size           
ffffffff  __TI_prof_data_start          
00000000  __TI_static_base__            
000030f3  __TI_zero_init_nomemset       
00002a6b  __aeabi_cdcmpeq               
00002a6b  __aeabi_cdcmple               
00002af1  __aeabi_cdrcmple              
00002c5f  __aeabi_d2f                   
00002f4d  __aeabi_d2iz                  
00002093  __aeabi_dadd                  
0000237d  __aeabi_ddiv                  
000026e9  __aeabi_dmul                  
00002089  __aeabi_dsub                  
000031d1  __aeabi_errno_addr            
00003057  __aeabi_f2d                   
000030c5  __aeabi_i2d                   
00000b33  __aeabi_idiv0                 
00000b33  __aeabi_ldiv0                 
00002b77  __aeabi_memclr                
00002b77  __aeabi_memclr4               
00002b77  __aeabi_memclr8               
00002939  __aeabi_memcpy                
00002939  __aeabi_memcpy4               
00002939  __aeabi_memcpy8               
00002b79  __aeabi_memset                
00002b79  __aeabi_memset4               
00002b79  __aeabi_memset8               
000029d5  __aeabi_uldivmod              
ffffffff  __binit__                     
ffffffff  __c_args__                    
UNDEFED   __mpu_init                    
2000fe00  __stack                       
20000000  __start___llvm_prf_cnts       
20000000  __stop___llvm_prf_cnts        
00003091  _c_int00_noargs               
000031e0  _ctypes_                      
UNDEFED   _system_post_cinit            
000031d9  _system_pre_init              
000031dd  abort                         
00003187  atof                          
00002f01  atoi                          
ffffffff  binit                         
20000000  change_duty_cycle             
20000004  change_pwm_period             
0000312b  copysign                      
0000312b  copysignl                     
20000020  duty_cycle                    
20000028  duty_percentage               
00001ecd  echo_char                     
20000050  errno                         
00002da1  frexp                         
00002da1  frexpl                        
20000010  i                             
00000000  interruptVectors              
20000014  j                             
000025d9  ldexp                         
000025d9  ldexpl                        
00002ccd  main                          
0000310f  memccpy                       
00002939  memcpy                        
00002b7f  memset                        
00001f15  nprint_string_UART            
00001f7d  print_Celsius                 
00001fbf  print_Fahrenheit              
00001f3d  print_PWM_dutycycle           
00001eef  print_string_UART             
00002001  print_temp                    
00001ed7  put_char                      
00002899  read_temperature              
20000008  recive_string_input_flag      
20000030  s_pwm_duty                    
2000003f  s_pwm_period                  
000025d9  scalbn                        
000025d9  scalbnl                       
0000201f  sdelay                        
00002fd9  sprintf                       
0000315d  strchr                        
00003173  strlen                        
00001079  strtod                        
00001079  strtold                       
2000000c  take_PWM_action_flag          
20000060  temp                          
20000018  temp_unit_flag                
00003199  wcslen                        


GLOBAL SYMBOLS: SORTED BY Symbol Address 

address   name                          
-------   ----                          
00000000  __TI_static_base__            
00000000  interruptVectors              
000000e5  __TI_printfi                  
00000200  __STACK_SIZE                  
00000b33  __aeabi_idiv0                 
00000b33  __aeabi_ldiv0                 
00000b35  EUSCIA0_IRQHandler            
00000b35  EUSCIA0_IRQHandler            
00000e75  PORT1_IRQHandler              
00000e75  PORT1_IRQHandler              
00000f61  ADC14_IRQHandler              
00000f61  ADC14_IRQHandler              
00001079  strtod                        
00001079  strtold                       
000014d9  SystemCoreClockUpdate         
00001751  SystemInit                    
0000180d  Init_Port                     
000018f5  Init_ADC                      
00001947  Init_PWM                      
0000196d  Init_TimerA0                  
00001995  Init_UART0                    
00001ecd  echo_char                     
00001ed7  put_char                      
00001eef  print_string_UART             
00001f15  nprint_string_UART            
00001f3d  print_PWM_dutycycle           
00001f7d  print_Celsius                 
00001fbf  print_Fahrenheit              
00002001  print_temp                    
0000201f  sdelay                        
00002089  __aeabi_dsub                  
00002093  __aeabi_dadd                  
0000237d  __aeabi_ddiv                  
000025d9  ldexp                         
000025d9  ldexpl                        
000025d9  scalbn                        
000025d9  scalbnl                       
000026e9  __aeabi_dmul                  
00002899  read_temperature              
00002939  __aeabi_memcpy                
00002939  __aeabi_memcpy4               
00002939  __aeabi_memcpy8               
00002939  memcpy                        
000029d5  __aeabi_uldivmod              
00002a6b  __aeabi_cdcmpeq               
00002a6b  __aeabi_cdcmple               
00002af1  __aeabi_cdrcmple              
00002b77  __aeabi_memclr                
00002b77  __aeabi_memclr4               
00002b77  __aeabi_memclr8               
00002b79  __aeabi_memset                
00002b79  __aeabi_memset4               
00002b79  __aeabi_memset8               
00002b7f  memset                        
00002c5f  __aeabi_d2f                   
00002ccd  main                          
00002d39  __TI_decompress_lzss          
00002da1  frexp                         
00002da1  frexpl                        
00002e5b  __TI_ltoa                     
00002f01  atoi                          
00002f4d  __aeabi_d2iz                  
00002f95  __TI_auto_init_nobinit_nopinit
00002fd9  sprintf                       
00003057  __aeabi_f2d                   
00003091  _c_int00_noargs               
000030c5  __aeabi_i2d                   
000030f3  __TI_zero_init_nomemset       
0000310f  memccpy                       
0000312b  copysign                      
0000312b  copysignl                     
0000315d  strchr                        
00003173  strlen                        
00003187  atof                          
00003199  wcslen                        
000031ab  __TI_decompress_none          
000031b9  Reset_Handler                 
000031c5  AES256_IRQHandler             
000031c5  BusFault_Handler              
000031c5  COMP_E0_IRQHandler            
000031c5  COMP_E1_IRQHandler            
000031c5  CS_IRQHandler                 
000031c5  DMA_ERR_IRQHandler            
000031c5  DMA_INT0_IRQHandler           
000031c5  DMA_INT1_IRQHandler           
000031c5  DMA_INT2_IRQHandler           
000031c5  DMA_INT3_IRQHandler           
000031c5  DebugMon_Handler              
000031c5  Default_Handler               
000031c5  EUSCIA1_IRQHandler            
000031c5  EUSCIA2_IRQHandler            
000031c5  EUSCIA3_IRQHandler            
000031c5  EUSCIB0_IRQHandler            
000031c5  EUSCIB1_IRQHandler            
000031c5  EUSCIB2_IRQHandler            
000031c5  EUSCIB3_IRQHandler            
000031c5  FLCTL_IRQHandler              
000031c5  FPU_IRQHandler                
000031c5  HardFault_Handler             
000031c5  MemManage_Handler             
000031c5  NMI_Handler                   
000031c5  PCM_IRQHandler                
000031c5  PORT2_IRQHandler              
000031c5  PORT3_IRQHandler              
000031c5  PORT4_IRQHandler              
000031c5  PORT5_IRQHandler              
000031c5  PORT6_IRQHandler              
000031c5  PSS_IRQHandler                
000031c5  PendSV_Handler                
000031c5  RTC_C_IRQHandler              
000031c5  SVC_Handler                   
000031c5  SysTick_Handler               
000031c5  T32_INT1_IRQHandler           
000031c5  T32_INT2_IRQHandler           
000031c5  T32_INTC_IRQHandler           
000031c5  TA0_0_IRQHandler              
000031c5  TA0_N_IRQHandler              
000031c5  TA1_0_IRQHandler              
000031c5  TA1_N_IRQHandler              
000031c5  TA2_0_IRQHandler              
000031c5  TA2_N_IRQHandler              
000031c5  TA3_0_IRQHandler              
000031c5  TA3_N_IRQHandler              
000031c5  UsageFault_Handler            
000031c5  WDT_A_IRQHandler              
000031d1  __aeabi_errno_addr            
000031d9  _system_pre_init              
000031dd  C$$EXIT                       
000031dd  abort                         
000031e0  _ctypes_                      
00003434  __TI_Handler_Table_Base       
00003440  __TI_Handler_Table_Limit      
00003448  __TI_CINIT_Base               
00003458  __TI_CINIT_Limit              
20000000  __start___llvm_prf_cnts       
20000000  __stop___llvm_prf_cnts        
20000000  change_duty_cycle             
20000004  change_pwm_period             
20000008  recive_string_input_flag      
2000000c  take_PWM_action_flag          
20000010  i                             
20000014  j                             
20000018  temp_unit_flag                
20000020  duty_cycle                    
20000028  duty_percentage               
20000030  s_pwm_duty                    
2000003f  s_pwm_period                  
20000050  errno                         
20000054  SystemCoreClock               
20000058  IntDegC                       
2000005c  IntDegF                       
20000060  temp                          
2000fe00  __stack                       
20010000  __STACK_END                   
4000480c  WDTCTL_SYM                    
ffffffff  __TI_pprof_out_hndl           
ffffffff  __TI_prof_data_size           
ffffffff  __TI_prof_data_start          
ffffffff  __binit__                     
ffffffff  __c_args__                    
ffffffff  binit                         
UNDEFED   __mpu_init                    
UNDEFED   _system_post_cinit            

[163 symbols]
